connect: passed
doctor: passed
catalog: passed
retired_guidance_rejected: passed
recipe_read:plan: passed
recipe_read:debug: passed
recipe_read:spec: passed
recipe_read:customize: passed
recipe_read:arkts: passed
recipe_read:repair: passed
recipe_read:create: passed
recipe_read:ui_test: passed
resource_prompt_tool_parity: passed
create_project: passed
skill_catalog: passed
skill_search: passed
skill_read:deveco-arkts-standards:SKILL.md: passed
skill_read:deveco-arkts-errors:SKILL.md: passed
skill_read:deveco-runtime-debug:SKILL.md: passed
skill_read:deveco-runtime-debug:references/debug-evidence.md: passed
skill_read:deveco-project-create:SKILL.md: passed
skill_read:deveco-native-tools:SKILL.md: passed
skill_read:deveco-native-tools:references/ui-testing.md: passed
skill_read:deveco-customize-host:SKILL.md: passed
skill_read:deveco-customize-host:references/customization.md: passed
task_rules_on_demand: passed
recipes_after_reconnect: passed
installer_removed: passed
host_owned_documents: passed
checker_reproduces_error: passed
default_build_blocked: passed
checker_after_repair: passed
build_after_repair: passed
bound_requirement_acceptance: passed
source_change_invalidates_evidence: passed
new_requirement_cannot_reuse_old_build: passed
referenced_evidence_protected: passed
assessment_export_includes_native_receipt: passed
schema_rejection: passed
